{"code":"(window.webpackJsonp_N_E=window.webpackJsonp_N_E||[]).push([[62],{YiBN:function(m,e,i){\"use strict\";function t(m){m.languages.git={comment:/^#.*/m,deleted:/^[-\\u2013].*/m,inserted:/^\\+.*/m,string:/(\"|')(?:\\\\.|(?!\\1)[^\\\\\\r\\n])*\\1/m,command:{pattern:/^.*\\$ git .*$/m,inside:{parameter:/\\s--?\\w+/m}},coord:/^@@.*@@$/m,commit_sha1:/^commit \\w{40}$/m}}m.exports=t,t.displayName=\"git\",t.aliases=[]}}]);","map":{"version":3,"sources":["static/chunks/react-syntax-highlighter_languages_refractor_git.215ea792338b1e164aea.js"],"names":["window","push","YiBN","module","exports","__webpack_require__","git","Prism","languages","comment","deleted","inserted","string","command","pattern","inside","parameter","coord","commit_sha1","displayName","aliases"],"mappings":"CAACA,OAAyB,iBAAIA,OAAyB,kBAAK,IAAIC,KAAK,CAAC,CAAC,IAAI,CAErEC,KACA,SAAUC,EAAQC,EAASC,GAEjC,aAMA,SAASC,EAAIC,GACXA,EAAMC,UAAUF,IAAM,CAUpBG,QAAS,QAITC,QAAS,gBACTC,SAAU,SAIVC,OAAQ,mCAMRC,QAAS,CACPC,QAAS,iBACTC,OAAQ,CAONC,UAAW,cAgBfC,MAAO,YAWPC,YAAa,oBAjEjBf,EAAOC,QAAUE,EACjBA,EAAIa,YAAc,MAClBb,EAAIc,QAAU"},"name":"static/chunks/react-syntax-highlighter_languages_refractor_git.215ea792338b1e164aea.js","input":"(window[\"webpackJsonp_N_E\"] = window[\"webpackJsonp_N_E\"] || []).push([[62],{\n\n/***/ \"YiBN\":\n/***/ (function(module, exports, __webpack_require__) {\n\n\"use strict\";\n\n\nmodule.exports = git\ngit.displayName = 'git'\ngit.aliases = []\nfunction git(Prism) {\n  Prism.languages.git = {\n    /*\n     * A simple one line comment like in a git status command\n     * For instance:\n     * $ git status\n     * # On branch infinite-scroll\n     * # Your branch and 'origin/sharedBranches/frontendTeam/infinite-scroll' have diverged,\n     * # and have 1 and 2 different commits each, respectively.\n     * nothing to commit (working directory clean)\n     */\n    comment: /^#.*/m,\n    /*\n     * Regexp to match the changed lines in a git diff output. Check the example below.\n     */\n    deleted: /^[-–].*/m,\n    inserted: /^\\+.*/m,\n    /*\n     * a string (double and simple quote)\n     */\n    string: /(\"|')(?:\\\\.|(?!\\1)[^\\\\\\r\\n])*\\1/m,\n    /*\n     * a git command. It starts with a random prompt finishing by a $, then \"git\" then some other parameters\n     * For instance:\n     * $ git add file.txt\n     */\n    command: {\n      pattern: /^.*\\$ git .*$/m,\n      inside: {\n        /*\n         * A git command can contain a parameter starting by a single or a double dash followed by a string\n         * For instance:\n         * $ git diff --cached\n         * $ git log -p\n         */\n        parameter: /\\s--?\\w+/m\n      }\n    },\n    /*\n     * Coordinates displayed in a git diff command\n     * For instance:\n     * $ git diff\n     * diff --git file.txt file.txt\n     * index 6214953..1d54a52 100644\n     * --- file.txt\n     * +++ file.txt\n     * @@ -1 +1,2 @@\n     * -Here's my tetx file\n     * +Here's my text file\n     * +And this is the second line\n     */\n    coord: /^@@.*@@$/m,\n    /*\n     * Match a \"commit [SHA1]\" line in a git log output.\n     * For instance:\n     * $ git log\n     * commit a11a14ef7e26f2ca62d4b35eac455ce636d0dc09\n     * Author: lgiraudel\n     * Date:   Mon Feb 17 11:18:34 2014 +0100\n     *\n     *     Add of a new line\n     */\n    commit_sha1: /^commit \\w{40}$/m\n  }\n}\n\n\n/***/ })\n\n}]);","inputSourceMap":{"version":3,"sources":["/Users/jonathankirkpatrick/Desktop/Hired/evronBlog/evronblog/node_modules/refractor/lang/git.js"],"names":[],"mappings":";;;;;;AAAY;;AAEZ;AACA;AACA;AACA;AACA;AACA;AACA;AACA;AACA;AACA;AACA;AACA;AACA;AACA;AACA;AACA;AACA;AACA;AACA;AACA;AACA;AACA;AACA;AACA;AACA;AACA;AACA;AACA;AACA;AACA;AACA;AACA;AACA;AACA;AACA;AACA;AACA;AACA;AACA;AACA;AACA,KAAK;AACL;AACA;AACA;AACA;AACA;AACA;AACA;AACA;AACA;AACA;AACA;AACA;AACA;AACA;AACA;AACA;AACA;AACA;AACA;AACA;AACA;AACA;AACA;AACA;AACA,6BAA6B,GAAG;AAChC;AACA","file":"x","sourcesContent":["'use strict'\n\nmodule.exports = git\ngit.displayName = 'git'\ngit.aliases = []\nfunction git(Prism) {\n  Prism.languages.git = {\n    /*\n     * A simple one line comment like in a git status command\n     * For instance:\n     * $ git status\n     * # On branch infinite-scroll\n     * # Your branch and 'origin/sharedBranches/frontendTeam/infinite-scroll' have diverged,\n     * # and have 1 and 2 different commits each, respectively.\n     * nothing to commit (working directory clean)\n     */\n    comment: /^#.*/m,\n    /*\n     * Regexp to match the changed lines in a git diff output. Check the example below.\n     */\n    deleted: /^[-–].*/m,\n    inserted: /^\\+.*/m,\n    /*\n     * a string (double and simple quote)\n     */\n    string: /(\"|')(?:\\\\.|(?!\\1)[^\\\\\\r\\n])*\\1/m,\n    /*\n     * a git command. It starts with a random prompt finishing by a $, then \"git\" then some other parameters\n     * For instance:\n     * $ git add file.txt\n     */\n    command: {\n      pattern: /^.*\\$ git .*$/m,\n      inside: {\n        /*\n         * A git command can contain a parameter starting by a single or a double dash followed by a string\n         * For instance:\n         * $ git diff --cached\n         * $ git log -p\n         */\n        parameter: /\\s--?\\w+/m\n      }\n    },\n    /*\n     * Coordinates displayed in a git diff command\n     * For instance:\n     * $ git diff\n     * diff --git file.txt file.txt\n     * index 6214953..1d54a52 100644\n     * --- file.txt\n     * +++ file.txt\n     * @@ -1 +1,2 @@\n     * -Here's my tetx file\n     * +Here's my text file\n     * +And this is the second line\n     */\n    coord: /^@@.*@@$/m,\n    /*\n     * Match a \"commit [SHA1]\" line in a git log output.\n     * For instance:\n     * $ git log\n     * commit a11a14ef7e26f2ca62d4b35eac455ce636d0dc09\n     * Author: lgiraudel\n     * Date:   Mon Feb 17 11:18:34 2014 +0100\n     *\n     *     Add of a new line\n     */\n    commit_sha1: /^commit \\w{40}$/m\n  }\n}\n"]}}